
> @figma/my-make-file@0.0.1 build
> vite build

[36mvite v6.3.5 [32mbuilding for production...[36m[39m
transforming...
[32mΓ£ô[39m 2 modules transformed.
node.exe : 
[31mΓ£ù[39m Build 
failed in 57ms
At C:\Program Files\nod
ejs\npm.ps1:29 char:3
+   & $NODE_EXE 
$NPM_CLI_JS $args
+   ~~~~~~~~~~~~~~~~~~~
~~~~~~~~~~
    + CategoryInfo     
         : 
NotSpecified: ([3    
1mΓ£ù[39m Build faile 
   d in 57ms:String) 
[],     RemoteException
    + 
FullyQualifiedErrorI   
 d : NativeCommandError
 
[31merror during 
build:
[31m[vite]: Rollup 
failed to resolve 
import 
"react/jsx-runtime" 
from "C:/Users/Adarsh 
Subhash/Desktop/Alert k
erala/Alertkerala/src/m
ain.tsx".
This is most likely 
unintended because it 
can break your 
application at runtime.
If you do want to 
externalize this 
module explicitly add 
it to
`build.rollupOptions.ex
ternal`[31m
    at viteLog (file://
/C:/Users/Adarsh%20Subh
ash/Desktop/Alert%20ker
ala/Alertkerala/node_mo
dules/vite/dist/node/ch
unks/dep-DBxKXgDP.js:46
345:15)
    at file:///C:/Users
/Adarsh%20Subhash/Deskt
op/Alert%20kerala/Alert
kerala/node_modules/vit
e/dist/node/chunks/dep-
DBxKXgDP.js:46403:18
    at onwarn (file:///
C:/Users/Adarsh%20Subha
sh/Desktop/Alert%20kera
la/Alertkerala/node_mod
ules/@vitejs/plugin-rea
ct/dist/index.js:90:7)
    at file:///C:/Users
/Adarsh%20Subhash/Deskt
op/Alert%20kerala/Alert
kerala/node_modules/vit
e/dist/node/chunks/dep-
DBxKXgDP.js:46401:7
    at onRollupLog (fil
e:///C:/Users/Adarsh%20
Subhash/Desktop/Alert%2
0kerala/Alertkerala/nod
e_modules/vite/dist/nod
e/chunks/dep-DBxKXgDP.j
s:46393:5)
    at onLog (file:///C
:/Users/Adarsh%20Subhas
h/Desktop/Alert%20keral
a/Alertkerala/node_modu
les/vite/dist/node/chun
ks/dep-DBxKXgDP.js:4604
3:7)
    at file:///C:/Users
/Adarsh%20Subhash/Deskt
op/Alert%20kerala/Alert
kerala/node_modules/rol
lup/dist/es/shared/node
-entry.js:20981:32
    at Object.logger 
[as onLog] (file:///C:/
Users/Adarsh%20Subhash/
Desktop/Alert%20kerala/
Alertkerala/node_module
s/rollup/dist/es/shared
/node-entry.js:22968:9)
    at ModuleLoader.han
dleInvalidResolvedId (f
ile:///C:/Users/Adarsh%
20Subhash/Desktop/Alert
%20kerala/Alertkerala/n
ode_modules/rollup/dist
/es/shared/node-entry.j
s:21712:26)
    at file:///C:/Users
/Adarsh%20Subhash/Deskt
op/Alert%20kerala/Alert
kerala/node_modules/rol
lup/dist/es/shared/node
-entry.js:21670:26[39m
